// Jest Snapshot v1, https://goo.gl/fbAQLP

exports[`Component: CurrencyList CurrencyList should match snapshoot 1`] = `
Array [
  null,
]
`;
